Wed Mar 12 14:23:45 KST 2026
$PROBLEM 2-Compartment PK Model with First-Order Absorption

 WARNINGS AND ERRORS (IF ANY) FOR PROBLEM    1

 (WARNING  2) NM-TRAN INFERS THAT THE DATA ARE POPULATION.

License Registered to: University Hospital
Expiration Date:    14 SEP 2026

 ESTIMATION STEP OMITTED:                 NO
 ANALYSIS TYPE:                           POPULATION

 MONITORING OF SEARCH:

0ITERATION NO.:    0    OBJECTIVE VALUE:   4523.12345
0ITERATION NO.:    5    OBJECTIVE VALUE:   4312.56789
0ITERATION NO.:   10    OBJECTIVE VALUE:   4256.78901
0ITERATION NO.:   15    OBJECTIVE VALUE:   4238.45678
0ITERATION NO.:   20    OBJECTIVE VALUE:   4231.23456

 MINIMIZATION SUCCESSFUL
 NO. OF FUNCTION EVALUATIONS USED:      245
 NO. OF SIG. DIGITS IN FINAL EST.:  3.5

 ETABAR:         7.23E-03 -1.45E-02  2.18E-02
 SE:             2.35E-02  1.89E-02  4.12E-02
 N:                     85          85          85

 P VAL.:         7.58E-01  4.42E-01  5.97E-01

 ETASHRINKSD(%):  8.23E+00  1.52E+01  2.87E+01
 ETASHRINKVR(%):  1.58E+01  2.81E+01  4.91E+01
 EBVSHRINKSD(%):  8.52E+00  1.48E+01  2.95E+01
 EBVSHRINKVR(%):  1.63E+01  2.74E+01  5.03E+01
 RELATIVEINF(%):  8.33E+01  7.21E+01  4.92E+01
 EPSSHRINKSD(%):  1.12E+01
 EPSSHRINKVR(%):  2.11E+01

 Elapsed estimation  time in seconds:    12.5
 Elapsed covariance  time in seconds:     3.2

 EIGENVALUES OF COR MATRIX OF ESTIMATE (://):
         4.52E-01  6.78E-01  8.95E-01  1.12E+00  1.35E+00  1.58E+00  1.82E+00  2.05E+00  2.28E+00  2.51E+00  2.75E+00

 #CPUT: Total CPU Time in Seconds:       15.700

Stop Time:
Wed Mar 12 14:24:01 KST 2026
